// Jest Snapshot v1, https://goo.gl/fbAQLP

exports[`<OrganizationAccess /> initially renders succesfully 1`] = `
<OrganizationAccess
  history={"/history/"}
  i18n={"/i18n/"}
  location={
    Object {
      "hash": "",
      "pathname": "",
      "search": "",
      "state": "",
    }
  }
  match={
    Object {
      "isExact": false,
      "params": Object {},
      "path": "",
      "url": "",
    }
  }
  organization={
    Object {
      "id": 1,
      "name": "Default",
      "summary_fields": Object {
        "object_roles": Object {},
        "user_capabilities": Object {
          "edit": true,
        },
      },
    }
  }
>
  <WithI18n
    error={null}
    hasContentLoading={true}
    itemCount={0}
    itemName="role"
    items={Array []}
    qsConfig={
      Object {
        "dateFields": Array [
          "modified",
          "created",
        ],
        "defaultParams": Object {
          "order_by": "first_name",
          "page": 1,
          "page_size": 5,
        },
        "integerFields": Array [
          "page",
          "page_size",
        ],
        "namespace": "access",
      }
    }
    renderItem={[Function]}
    renderToolbar={[Function]}
    toolbarColumns={
      Array [
        Object {
          "isSearchable": true,
          "isSortable": true,
          "key": "first_name",
          "name": "First Name",
        },
        Object {
          "isSearchable": true,
          "isSortable": true,
          "key": "username",
          "name": "Username",
        },
        Object {
          "isSearchable": true,
          "isSortable": true,
          "key": "last_name",
          "name": "Last Name",
        },
      ]
    }
  >
    <I18n
      update={true}
      withHash={true}
    >
      <withRouter(PaginatedDataList)
        error={null}
        hasContentLoading={true}
        i18n={"/i18n/"}
        itemCount={0}
        itemName="role"
        items={Array []}
        qsConfig={
          Object {
            "dateFields": Array [
              "modified",
              "created",
            ],
            "defaultParams": Object {
              "order_by": "first_name",
              "page": 1,
              "page_size": 5,
            },
            "integerFields": Array [
              "page",
              "page_size",
            ],
            "namespace": "access",
          }
        }
        renderItem={[Function]}
        renderToolbar={[Function]}
        toolbarColumns={
          Array [
            Object {
              "isSearchable": true,
              "isSortable": true,
              "key": "first_name",
              "name": "First Name",
            },
            Object {
              "isSearchable": true,
              "isSortable": true,
              "key": "username",
              "name": "Username",
            },
            Object {
              "isSearchable": true,
              "isSortable": true,
              "key": "last_name",
              "name": "Last Name",
            },
          ]
        }
      >
        <Route>
          <PaginatedDataList
            contentError={null}
            error={null}
            hasContentLoading={true}
            history={"/history/"}
            i18n={"/i18n/"}
            itemCount={0}
            itemName="role"
            itemNamePlural=""
            items={Array []}
            location={
              Object {
                "hash": "",
                "pathname": "",
                "search": "",
                "state": "",
              }
            }
            match={
              Object {
                "isExact": false,
                "params": Object {},
                "path": "",
                "url": "",
              }
            }
            qsConfig={
              Object {
                "dateFields": Array [
                  "modified",
                  "created",
                ],
                "defaultParams": Object {
                  "order_by": "first_name",
                  "page": 1,
                  "page_size": 5,
                },
                "integerFields": Array [
                  "page",
                  "page_size",
                ],
                "namespace": "access",
              }
            }
            renderItem={[Function]}
            renderToolbar={[Function]}
            showPageSizeOptions={true}
            toolbarColumns={
              Array [
                Object {
                  "isSearchable": true,
                  "isSortable": true,
                  "key": "first_name",
                  "name": "First Name",
                },
                Object {
                  "isSearchable": true,
                  "isSortable": true,
                  "key": "username",
                  "name": "Username",
                },
                Object {
                  "isSearchable": true,
                  "isSortable": true,
                  "key": "last_name",
                  "name": "Last Name",
                },
              ]
            }
          >
            <withRouter(ListHeader)
              columns={
                Array [
                  Object {
                    "isSearchable": true,
                    "isSortable": true,
                    "key": "first_name",
                    "name": "First Name",
                  },
                  Object {
                    "isSearchable": true,
                    "isSortable": true,
                    "key": "username",
                    "name": "Username",
                  },
                  Object {
                    "isSearchable": true,
                    "isSortable": true,
                    "key": "last_name",
                    "name": "Last Name",
                  },
                ]
              }
              itemCount={0}
              qsConfig={
                Object {
                  "dateFields": Array [
                    "modified",
                    "created",
                  ],
                  "defaultParams": Object {
                    "order_by": "first_name",
                    "page": 1,
                    "page_size": 5,
                  },
                  "integerFields": Array [
                    "page",
                    "page_size",
                  ],
                  "namespace": "access",
                }
              }
            >
              <Route>
                <ListHeader
                  columns={
                    Array [
                      Object {
                        "isSearchable": true,
                        "isSortable": true,
                        "key": "first_name",
                        "name": "First Name",
                      },
                      Object {
                        "isSearchable": true,
                        "isSortable": true,
                        "key": "username",
                        "name": "Username",
                      },
                      Object {
                        "isSearchable": true,
                        "isSortable": true,
                        "key": "last_name",
                        "name": "Last Name",
                      },
                    ]
                  }
                  history={"/history/"}
                  itemCount={0}
                  location={
                    Object {
                      "hash": "",
                      "pathname": "",
                      "search": "",
                      "state": "",
                    }
                  }
                  match={
                    Object {
                      "isExact": false,
                      "params": Object {},
                      "path": "",
                      "url": "",
                    }
                  }
                  qsConfig={
                    Object {
                      "dateFields": Array [
                        "modified",
                        "created",
                      ],
                      "defaultParams": Object {
                        "order_by": "first_name",
                        "page": 1,
                        "page_size": 5,
                      },
                      "integerFields": Array [
                        "page",
                        "page_size",
                      ],
                      "namespace": "access",
                    }
                  }
                  renderToolbar={[Function]}
                >
                  <ListHeader__EmptyStateControlsWrapper>
                    <StyledComponent
                      forwardedComponent={
                        Object {
                          "$$typeof": Symbol(react.forward_ref),
                          "attrs": Array [],
                          "componentStyle": ComponentStyle {
                            "componentId": "ListHeader__EmptyStateControlsWrapper-sc-1gm7wbv-0",
                            "isStatic": true,
                            "lastClassName": "bXVfpW",
                            "rules": Array [
                              "display:flex;margin-top:20px;margin-right:20px;margin-bottom:20px;justify-content:flex-end;& >:not(:first-child){margin-left:20px;}",
                            ],
                          },
                          "displayName": "ListHeader__EmptyStateControlsWrapper",
                          "foldedComponentIds": Array [],
                          "render": [Function],
                          "styledComponentId": "ListHeader__EmptyStateControlsWrapper-sc-1gm7wbv-0",
                          "target": "div",
                          "toString": [Function],
                          "warnTooManyClasses": [Function],
                          "withComponent": [Function],
                        }
                      }
                      forwardedRef={null}
                    >
                      <div
                        className="ListHeader__EmptyStateControlsWrapper-sc-1gm7wbv-0 bXVfpW"
                      />
                    </StyledComponent>
                  </ListHeader__EmptyStateControlsWrapper>
                  <WithI18n
                    itemCount={0}
                    onRemove={[Function]}
                    onRemoveAll={[Function]}
                    qsConfig={
                      Object {
                        "dateFields": Array [
                          "modified",
                          "created",
                        ],
                        "defaultParams": Object {
                          "order_by": "first_name",
                          "page": 1,
                          "page_size": 5,
                        },
                        "integerFields": Array [
                          "page",
                          "page_size",
                        ],
                        "namespace": "access",
                      }
                    }
                  >
                    <I18n
                      update={true}
                      withHash={true}
                    >
                      <withRouter(FilterTags)
                        i18n={"/i18n/"}
                        itemCount={0}
                        onRemove={[Function]}
                        onRemoveAll={[Function]}
                        qsConfig={
                          Object {
                            "dateFields": Array [
                              "modified",
                              "created",
                            ],
                            "defaultParams": Object {
                              "order_by": "first_name",
                              "page": 1,
                              "page_size": 5,
                            },
                            "integerFields": Array [
                              "page",
                              "page_size",
                            ],
                            "namespace": "access",
                          }
                        }
                      >
                        <Route>
                          <FilterTags
                            history={"/history/"}
                            i18n={"/i18n/"}
                            itemCount={0}
                            location={
                              Object {
                                "hash": "",
                                "pathname": "",
                                "search": "",
                                "state": "",
                              }
                            }
                            match={
                              Object {
                                "isExact": false,
                                "params": Object {},
                                "path": "",
                                "url": "",
                              }
                            }
                            onRemove={[Function]}
                            onRemoveAll={[Function]}
                            qsConfig={
                              Object {
                                "dateFields": Array [
                                  "modified",
                                  "created",
                                ],
                                "defaultParams": Object {
                                  "order_by": "first_name",
                                  "page": 1,
                                  "page_size": 5,
                                },
                                "integerFields": Array [
                                  "page",
                                  "page_size",
                                ],
                                "namespace": "access",
                              }
                            }
                          />
                        </Route>
                      </withRouter(FilterTags)>
                    </I18n>
                  </WithI18n>
                </ListHeader>
              </Route>
            </withRouter(ListHeader)>
            <WithI18n>
              <I18n
                update={true}
                withHash={true}
              >
                <ContentLoading
                  i18n={"/i18n/"}
                >
                  <EmptyState>
                    <div
                      className="pf-c-empty-state styles.modifiers.lg"
                    >
                      <EmptyStateBody>
                        <div
                          className="pf-c-empty-state__body"
                        >
                          Loading...
                        </div>
                      </EmptyStateBody>
                    </div>
                  </EmptyState>
                </ContentLoading>
              </I18n>
            </WithI18n>
          </PaginatedDataList>
        </Route>
      </withRouter(PaginatedDataList)>
    </I18n>
  </WithI18n>
  <_default
    isOpen={false}
    onClose={[Function]}
    title="Error!"
    variant="danger"
  >
    <Modal
      actions={Array []}
      ariaDescribedById=""
      className="awx-c-modal at-c-alertModal at-c-alertModal--danger"
      hideTitle={false}
      isLarge={false}
      isOpen={false}
      isSmall={false}
      onClose={[Function]}
      showClose={true}
      title="Error!"
    >
      <Portal
        containerInfo={<div />}
      >
        <ModalContent
          actions={Array []}
          ariaDescribedById=""
          className="awx-c-modal at-c-alertModal at-c-alertModal--danger"
          hideTitle={false}
          id="pf-modal-0"
          isLarge={false}
          isOpen={false}
          isSmall={false}
          onClose={[Function]}
          showClose={true}
          title="Error!"
        />
      </Portal>
    </Modal>
  </_default>
</OrganizationAccess>
`;
